
U-Boot SPL 2013.07 (Dec 21 2020 - 18:19:28)
Timer init


CLK stop


PLL init


pll_init:366


pll_cfg.pdiv = 10, pll_cfg.h2div = 5, pll_cfg.h0div = 5, pll_cfg.cdiv = 1, pll_cfg.l2div = 2


nf=116 nr = 1 od0 = 1 od1 = 2


cppcr is 07405100


CPM_CPAPCR 0740510d


nf=100 nr = 1 od0 = 1 od1 = 2


cppcr is 06405100


CPM_CPMPCR 0640510d


nf=100 nr = 1 od0 = 1 od1 = 2


cppcr is 06405100


CPM_CPVPCR 0640510d


cppcr 0x9a7b5510


apll_freq 1392000000 


mpll_freq 1200000000 


vpll_freq = 1200000000


ddr sel mpll, cpu sel apll


ddrfreq 600000000


cclk  1392000000


l2clk 696000000


h0clk 240000000


h2clk 240000000


pclk  120000000


CLK init


SDRAM init


sdram init start


ddr_inno_phy_init ..!


phy reg = 0x00000007, CL = 0x00000007


ddr_inno_phy_init ..! 11:  00000004


ddr_inno_phy_init ..! 22:  00000006


ddr_inno_phy_init ..! 33:  00000006


REG_DDR_LMR: 00000210


REG_DDR_LMR: 00000310


REG_DDR_LMR: 00000110


REG_DDR_LMR, MR0: 00f73011


T31_0x5: 00000007


T31_0x15: 0000000c


T31_0x4: 00000000


T31_0x14: 00000002


INNO_TRAINING_CTRL 1: 00000000


INNO_TRAINING_CTRL 2: 000000a1


T31_cc: 00000003


INNO_TRAINING_CTRL 3: 000000a0


T31_118: 0000003c


T31_158: 0000003c


T31_190: 0000001e


T31_194: 0000001d


jz-04 :  0x00000051 


jz-08 :  0x000000a0 


jz-28 :  0x00000024 


DDR PHY init OK


INNO_DQ_WIDTH   :00000003


INNO_PLL_FBDIV  :00000014


INNO_PLL_PDIV   :00000005


INNO_MEM_CFG    :00000051


INNO_PLL_CTRL   :00000018


INNO_CHANNEL_EN :0000000d


INNO_CWL        :00000006


INNO_CL         :00000007


DDR Controller init


DDRC_STATUS         0x80000001


DDRC_CFG            0x0aa88a42


DDRC_CTRL           0x0000011c


DDRC_LMR            0x00400008


DDRC_DLP            0x00000000


DDRC_TIMING1        0x050f0a06


DDRC_TIMING2        0x021c0a07


DDRC_TIMING3        0x200a0722


DDRC_TIMING4        0x26240031


DDRC_TIMING5        0xff060405


DDRC_TIMING6        0x321c0505


DDRC_REFCNT         0x00910603


DDRC_MMAP0          0x000020f8


DDRC_MMAP1          0x00002800


DDRC_REMAP1         0x030e0d0c


DDRC_REMAP2         0x07060504


DDRC_REMAP3         0x0b0a0908


DDRC_REMAP4         0x0f020100


DDRC_REMAP5         0x13121110


DDRC_AUTOSR_EN      0x00000000


sdram init finished


SDRAM init ok


board_init_r


image entry point: 0x80100000




U-Boot 2013.07 (Dec 21 2020 - 18:19:28)

Board: ISVP (Ingenic XBurst T31 SoC)
DRAM:  128 MiB
Top of RAM usable for U-Boot at: 84000000
Reserving 436k for U-Boot at: 83f90000
Reserving 32772k for malloc() at: 81f8f000
Reserving 32 Bytes for Board Info at: 81f8efe0
Reserving 124 Bytes for Global Data at: 81f8ef64
Reserving 128k for boot params() at: 81f6ef64
Stack Pointer at: 81f6ef48
Now running in RAM - U-Boot at: 83f90000
MMC:   msc: 0
the manufacturer 1c
SF: Detected EN25QH128A

*** Warning - bad CRC, using default environment

In:    serial
Out:   serial
Err:   serial
misc_init_r before change the wifi_enable_gpio
gpio_request lable = wifi_enable_gpio gpio = 57
misc_init_r after gpio_request the wifi_enable_gpio ret is 57
misc_init_r after change the wifi_enable_gpio ret is 0
misc_init_r before change the yellow_gpio
gpio_request lable = yellow_gpio gpio = 38
misc_init_r after gpio_request the yellow_gpio ret is 38
misc_init_r after change the yellow_gpio ret is 0
misc_init_r before change the blue_gpio
gpio_request lable = blue_gpio gpio = 39
misc_init_r after gpio_request the blue_gpio ret is 39
misc_init_r after change the blue_gpio ret is 1
gpio_request lable = night_gpio gpio = 49
misc_init_r after gpio_request the night_gpio ret is 49
misc_init_r after change the night_gpio ret is 0
gpio_request lable = 850_light_gpio gpio = 47
misc_init_r after gpio_request the 850_light_gpio ret is 47
misc_init_r after change the 850_light_gpio ret is 0
gpio_request lable = SPK_able_gpio gpio = 63
misc_init_r after gpio_request the SPK_able_gpio ret is 63
misc_init_r after change the SPK_able_gpio ret is 0
gpio_request lable = TF_en_gpio gpio = 50
misc_init_r after gpio_request the TF_en_gpio ret is 50
misc_init_r after change the TF_en_gpio ret is 0
gpio_request lable = TF_cd_gpio gpio = 59
misc_init_r after gpio_request the TF_cd_gpio ret is 59
misc_init_r after change the TF_cd_gpio ret is 0
gpio_request lable = SD_able_gpio gpio = 48
misc_init_r after gpio_request the SD_able_gpio ret is 48
misc_init_r after change the SD_able_gpio ret is 0
misc_init_r before change the wifi_enable_gpio
gpio_request lable = wifi_enable_gpio gpio = 57
misc_init_r after gpio_request the wifi_enable_gpio ret is 57
misc_init_r after change the wifi_enable_gpio ret is 1
Hit any key to stop autoboot:  0 
Interface:  MMC
  Device 0: Vendor: Man 000027 Snr d89f0701 Rev: 13.10 Prod: SD16G0
            Type: Removable Hard Disk
            Capacity: 14804.0 MB = 14.4 GB (30318592 x 512)
Filesystem: FAT32 "NO NAME    "
file_fat_detectfs OK
reading factory_t31_ZMC6tiIDQN
reading factory_t31_ZMC6tiIDQN
## Booting kernel from Legacy Image at 84000000 ...
   Image Name:   Linux-3.10.14__isvp_swan_1.0__
   Image Type:   MIPS Linux Kernel Image (lzma compressed)
   Data Size:    2167812 Bytes = 2.1 MiB
   Load Address: 80010000
   Entry Point:  80403aa0
   Verifying Checksum ... OK
   Uncompressing Kernel Image ... OK

Starting kernel ...

[    0.000000] Initializing cgroup subsys cpu
[    0.000000] Initializing cgroup subsys cpuacct
[    0.000000] Linux version 3.10.14__isvp_swan_1.0__ (root@dd73ff141104) (gcc version 4.7.4 (Buildroot 2016.02) ) #10 PREEMPT Sat Jun 25 13:26:16 UTC 2022
[    0.000000] bootconsole [early0] enabled
[    0.000000] CPU0 RESET ERROR PC:A5378905
[    0.000000] CPU0 revision is: 00d00100 (Ingenic Xburst)
[    0.000000] FPU revision is: 00b70000
[    0.000000] CCLK:1392MHz L2CLK:696Mhz H0CLK:200MHz H2CLK:200Mhz PCLK:100Mhz
[    0.000000] Determined physical RAM map:
[    0.000000]  memory: 00534000 @ 00010000 (usable)
[    0.000000]  memory: 0007c000 @ 00544000 (usable after init)
[    0.000000] User-defined physical RAM map:
[    0.000000]  memory: 06300000 @ 00000000 (usable)
[    0.000000] Initrd not found or empty - disabling initrd
[    0.000000] Zone ranges:
[    0.000000]   Normal   [mem 0x00000000-0x062fffff]
[    0.000000] Movable zone start for each node
[    0.000000] Early memory node ranges
[    0.000000]   node   0: [mem 0x00000000-0x062fffff]
[    0.000000] Primary instruction cache 32kB, 8-way, VIPT, linesize 32 bytes.
[    0.000000] Primary data cache 32kB, 8-way, VIPT, no aliases, linesize 32 bytes
[    0.000000] pls check processor_id[0x00d00100],sc_jz not support!
[    0.000000] MIPS secondary cache 128kB, 8-way, linesize 32 bytes.
[    0.000000] Built 1 zonelists in Zone order, mobility grouping off.  Total pages: 25146
[    0.000000] Kernel command line: console=ttyS1,115200n8 mem=99M@0x0 rmem=29M@0x6300000 rdinit=/init mtdparts=jz_sfc:256K(boot),1984K(kernel),3904K(rootfs),3904K(app),1984K(kback),3904K(aback),384K(cfg),64K(para)
[    0.000000] PID hash table entries: 512 (order: -1, 2048 bytes)
[    0.000000] Dentry cache hash table entries: 16384 (order: 4, 65536 bytes)
[    0.000000] Inode-cache hash table entries: 8192 (order: 3, 32768 bytes)
[    0.000000] Memory: 92892k/101376k available (4083k kernel code, 8484k reserved, 1243k data, 496k init, 0k highmem)
[    0.000000] SLUB: HWalign=32, Order=0-3, MinObjects=0, CPUs=1, Nodes=1
[    0.000000] Preemptible hierarchical RCU implementation.
[    0.000000] NR_IRQS:358
[    0.000000] clockevents_config_and_register success.
[    0.000014] Calibrating delay loop... 1391.00 BogoMIPS (lpj=6955008)
[    0.087831] pid_max: default: 32768 minimum: 301
[    0.092689] Mount-cache hash table entries: 512
[    0.097609] Initializing cgroup subsys debug
[    0.101864] Initializing cgroup subsys freezer
[    0.107302] devtmpfs: initialized
[    0.111464] regulator-dummy: no parameters
[    0.115706] NET: Registered protocol family 16
[    0.130641] bio: create slab <bio-0> at 0
[    0.136132] jz-dma jz-dma: JZ SoC DMA initialized
[    0.141052] usbcore: registered new interface driver usbfs
[    0.146622] usbcore: registered new interface driver hub
[    0.152024] usbcore: registered new device driver usb
[    0.157214]  (null): set:249  hold:250 dev=100000000 h=500 l=500
[    0.163292] media: Linux media interface: v0.10
[    0.167866] Linux video capture interface: v2.00
[    0.172680] Advanced Linux Sound Architecture Driver Initialized.
[    0.180008] Switching to clocksource jz_clocksource
[    0.185120] cfg80211: Calling CRDA to update world regulatory domain
[    0.192025] jz-dwc2 jz-dwc2: cgu clk gate get error
[    0.196932] DWC IN OTG MODE
[    0.200348] dwc2 dwc2: Keep PHY ON
[    0.203712] dwc2 dwc2: Using Buffer DMA mode
[    0.208060] dwc2 dwc2: Core Release: 3.00a
[    0.212221] dwc2 dwc2: DesignWare USB2.0 High-Speed Host Controller
[    0.218567] dwc2 dwc2: new USB bus registered, assigned bus number 1
[    0.225712] hub 1-0:1.0: USB hub found
[    0.229443] hub 1-0:1.0: 1 port detected
[    0.233484] dwc2 dwc2: DWC2 Host Initialized
[    0.237980] dwc2 dwc2: enter dwc2_gadget_plug_change:2589: plugin = 1 pullup_on = 0 suspend = 0
[    0.246926] NET: Registered protocol family 2
[    0.251658] TCP established hash table entries: 1024 (order: 1, 8192 bytes)
[    0.258729] TCP bind hash table entries: 1024 (order: 0, 4096 bytes)
[    0.265121] TCP: Hash tables configured (established 1024 bind 1024)
[    0.271582] TCP: reno registered
[    0.274810] UDP hash table entries: 256 (order: 0, 4096 bytes)
[    0.280754] UDP-Lite hash table entries: 256 (order: 0, 4096 bytes)
[    0.287274] NET: Registered protocol family 1
[    0.291851] RPC: Registered named UNIX socket transport module.
[    0.297832] RPC: Registered udp transport module.
[    0.302546] RPC: Registered tcp transport module.
[    0.307323] RPC: Registered tcp NFSv4.1 backchannel transport module.
[    0.313856] dwc2 dwc2: ID PIN CHANGED!
[    0.511753] freq_udelay_jiffys[0].max_num = 10
[    0.516254] cpufreq 	udelay 	loops_per_jiffy	
[    0.520594] 12000	 59956	 59956	
[    0.523860] 24000	 119913	 119913	
[    0.527324] 60000	 299784	 299784	
[    0.530747] 120000	 599569	 599569	
[    0.534279] 200000	 999282	 999282	
[    0.537891] 300000	 1498924	 1498924	
[    0.541519] 600000	 2997848	 2997848	
[    0.545238] 792000	 3957159	 3957159	
[    0.548935] 1008000	 5036385	 5036385	
[    0.552732] 1200000	 5995696	 5995696	
[    0.560115] squashfs: version 4.0 (2009/01/31) Phillip Lougher
[    0.566655] jffs2: version 2.2. © 2001-2006 Red Hat, Inc.
[    0.572387] msgmni has been set to 181
[    0.577112] io scheduler noop registered
[    0.581034] io scheduler cfq registered (default)
[    0.587610] jz-uart.1: ttyS1 at MMIO 0x10031000 (irq = 58) is a uart1
[    0.595212] console [ttyS1] enabled, bootconsole disabled
[    0.595212] console [ttyS1] enabled, bootconsole disabled
[    0.609430] brd: module loaded
[    0.614263] loop: module loaded
[    0.618123] zram: Created 2 device(s) ...
[    0.622347] logger: created 256K log 'log_main'
[    0.627511] jz TCU driver register completed
[    0.632212] the id code = 1c7018, the flash name is EN25QH128A
[    0.638291] JZ SFC Controller for SFC channel 0 driver register
[    0.644417] 8 cmdlinepart partitions found on MTD device jz_sfc
[    0.650552] Creating 8 MTD partitions on "jz_sfc":
[    0.655509] 0x000000000000-0x000000040000 : "boot"
[    0.660926] 0x000000040000-0x000000230000 : "kernel"
[    0.666528] 0x000000230000-0x000000600000 : "rootfs"
[    0.672079] 0x000000600000-0x0000009d0000 : "app"
[    0.677426] 0x0000009d0000-0x000000bc0000 : "kback"
[    0.682893] 0x000000bc0000-0x000000f90000 : "aback"
[    0.688441] 0x000000f90000-0x000000ff0000 : "cfg"
[    0.693752] 0x000000ff0000-0x000001000000 : "para"
[    0.699185] SPI NOR MTD LOAD OK
[    0.702468] tun: Universal TUN/TAP device driver, 1.6
[    0.707706] tun: (C) 1999-2004 Max Krasnyansky <maxk@qualcomm.com>
[    0.714238] usbcore: registered new interface driver cdc_acm
[    0.720110] cdc_acm: USB Abstract Control Model driver for USB modems and ISDN adapters
[    0.728697] wait stable.[289][cgu_msc0]
[    0.732667] jzmmc_v1.2 jzmmc_v1.2.0: vmmc regulator missing
[    0.738699] jzmmc_v1.2 jzmmc_v1.2.0: register success!
[    0.744041] jzmmc_v1.2 jzmmc_v1.2.1: vmmc regulator missing
[    0.749835] jzmmc_v1.2 jzmmc_v1.2.0: card inserted, state=0
[    0.755843] jzmmc_v1.2 jzmmc_v1.2.1: register success!
[    0.763274] TCP: cubic registered
[    0.767105] NET: Registered protocol family 10
[    0.772311] NET: Registered protocol family 17
[    0.777688] input: gpio-keys as /devices/platform/gpio-keys/input/input0
[    0.784812] drivers/rtc/hctosys.c: unable to open rtc device (rtc0)
[    0.791393] ALSA device list:
[    0.794455]   #0: Loopback 1
^@[    0.799381] Freeing unused kernel memory: 496K (80544000 - 805c0000)
+ echo welcome to initramfs
welcome to initramfs
+ mount -t devtmpfs devtmpfs /[    0.810091] gpio:jz->reg = 0xb0011000
dev
+ mount -t proc proc /proc
+ mount -t sysfs sysfs /sys
+ [    0.817644] gpio pin: 0x800
echo 43
[    0.826039] jz->dev_map[0]: 0x9806f3f
[    0.830579] CPU: 0 PID: 1 Comm: init Not tainted 3.10.14__isvp_swan_1.0__ #10
[    0.837997] Stack : 00000000 00000000 00000000 00000000 805d2daa 00000041 8402c1d8 804c4884
	  804b8cf4 80518b67 00000001 805c2d24 8402c1d8 804c4884 80426e5c 805a2000
	  00000020 8040581c 00000000 80038f1c 00000000 30001c01 804ba6b4 8402bdb4
	  00000000 00000000 00000000 00000000 00000000 00000000 00000000 00000000
	  00000000 00000000 00000000 00000000 00000000 00000000 00000000 8402bd40
	  ...
[    0.877843] Call Trace:
[    0.880379] [<80021100>] show_stack+0x48/0x70
[    0.884906] [<80018b18>] jz_gpio_request+0xb8/0x13c
[    0.889958] [<801e2d38>] gpiod_request+0x120/0x220
[    0.894926] [<801e3a20>] export_store+0x6c/0xd8
[    0.899611] [<8013718c>] sysfs_write_file+0x11c/0x1a0
[    0.904828] [<800d6664>] vfs_write+0xd4/0x1b4
[    0.909339] [<800d6aa8>] SyS_write+0x54/0x98
[    0.913742] [<80023d5c>] stack_done+0x20/0x44
[    0.918249] 
[    0.919784] arch/mips/xburst/soc-t31/common/gpio.c:gpio functions has redefinition+ echo in
+ mkdir /upper
+ mkdir /overlay
+ mkdir /rootfs
+ mkdir /sdcard
+ sleep 1
[    1.034909] mmc0: new high speed SDHC card at address 5048
[    1.040785] mmcblk0: mmc0:5048 SD16G 14.4 GiB 
[    1.046743]  mmcblk0: p1
+ mount -t tmpfs -o size=1 tmpfs /upper
+ mount -t tmpfs -o size=1 tmpfs /overlay
+ mount -t squashfs /dev/mtdblock2 /rootfs
+ mount -t vfat /dev/mmcblk0p1 /sdcard -o rw,umask=0000,dmask=0000
[    1.945390] FAT-fs (mmcblk0p1): Volume was not properly unmounted. Some data may be corrupt. Please run fsck.
+ mount -t overlayfs overlayfs -olowerdir=/rootfs,upperdir=/upper /overlay
mount: mounting overlayfs on /overlay failed: No such device
+ mkdir /overlay/rootfs
+ mkdir /overlay/overlay
+ mkdir /overlay/upper
+ mount --move /sdcard /overlay/opt
mount: mounting /sdcard on /overlay/opt failed: No such file or directory
+ mount --move /rootfs /overlay/rootfs
/init: line 55: syntax error: unexpected end of file (expecting "fi")

[    2.004954] Kernel panic - not syncing: Attempted to kill init! exitcode=0x00000200
[    2.004954] 
[    2.014574] Rebooting in 3 seconds..Restarting after 4 ms

U-Boot SPL 2013.07 (Dec 21 2020 - 18:19:28)
Timer init


CLK stop


PLL init


pll_init:366


pll_cfg.pdiv = 10, pll_cfg.h2div = 5, pll_cfg.h0div = 5, pll_cfg.cdiv = 1, pll_cfg.l2div = 2


nf=116 nr = 1 od0 = 1 od1 = 2


cppcr is 07405100


CPM_CPAPCR 0740510d


nf=100 nr = 1 od0 = 1 od1 = 2


cppcr is 06405100


CPM_CPMPCR 0640510d


nf=100 nr = 1 od0 = 1 od1 = 2


cppcr is 06405100


CPM_CPVPCR 0640510d


cppcr 0x9a7b5510


apll_freq 1392000000 


mpll_freq 1200000000 


vpll_freq = 1200000000


ddr sel mpll, cpu sel apll


ddrfreq 600000000


cclk  1392000000


l2clk 696000000


h0clk 240000000


h2clk 240000000


pclk  120000000


CLK init


SDRAM init


sdram init start


ddr_inno_phy_init ..!


phy reg = 0x00000007, CL = 0x00000007


ddr_inno_phy_init ..! 11:  00000004


ddr_inno_phy_init ..! 22:  00000006


ddr_inno_phy_init ..! 33:  00000006


REG_DDR_LMR: 00000210


REG_DDR_LMR: 00000310


REG_DDR_LMR: 00000110


REG_DDR_LMR, MR0: 00f73011


T31_0x5: 00000007


T31_0x15: 0000000c


T31_0x4: 00000000


T31_0x14: 00000002


INNO_TRAINING_CTRL 1: 00000000


INNO_TRAINING_CTRL 2: 000000a1


T31_cc: 00000003


INNO_TRAINING_CTRL 3: 000000a0


T31_118: 0000003c


T31_158: 0000003c


T31_190: 0000001f


T31_194: 0000001d


jz-04 :  0x00000051 


jz-08 :  0x000000a0 


jz-28 :  0x00000024 


DDR PHY init OK


INNO_DQ_WIDTH   :00000003


INNO_PLL_FBDIV  :00000014


INNO_PLL_PDIV   :00000005


INNO_MEM_CFG    :00000051


INNO_PLL_CTRL   :00000018


INNO_CHANNEL_EN :0000000d


INNO_CWL        :00000006


INNO_CL         :00000007


DDR Controller init


DDRC_STATUS         0x80000001


DDRC_CFG            0x0aa88a42


DDRC_CTRL           0x0000011c


DDRC_LMR            0x00400008


DDRC_DLP            0x00000000


DDRC_TIMING1        0x050f0a06


DDRC_TIMING2        0x021c0a07


DDRC_TIMING3        0x200a0722


DDRC_TIMING4        0x26240031


DDRC_TIMING5        0xff060405


DDRC_TIMING6        0x321c0505


DDRC_REFCNT         0x00910603


DDRC_MMAP0          0x000020f8


DDRC_MMAP1          0x00002800


DDRC_REMAP1         0x030e0d0c


DDRC_REMAP2         0x07060504


DDRC_REMAP3         0x0b0a0908


DDRC_REMAP4         0x0f020100


DDRC_REMAP5         0x13121110


DDRC_AUTOSR_EN      0x00000000


sdram init finished


SDRAM init ok


board_init_r


image entry point: 0x80100000




U-Boot 2013.07 (Dec 21 2020 - 18:19:28)

Board: ISVP (Ingenic XBurst T31 SoC)
DRAM:  128 MiB
Top of RAM usable for U-Boot at: 84000000
Reserving 436k for U-Boot at: 83f90000
Reserving 32772k for malloc() at: 81f8f000
Reserving 32 Bytes for Board Info at: 81f8efe0
Reserving 124 Bytes for Global Data at: 81f8ef64
Reserving 128k for boot params() at: 81f6ef64
Stack Pointer at: 81f6ef48
Now running in RAM - U-Boot at: 83f90000
MMC:   msc: 0
the manufacturer 1c
SF: Detected EN25QH128A

*** Warning - bad CRC, using default environment

In:    serial
Out:   serial
Err:   serial
misc_init_r before change the wifi_enable_gpio
gpio_request lable = wifi_enable_gpio gpio = 57
misc_init_r after gpio_request the wifi_enable_gpio ret is 57
misc_init_r after change the wifi_enable_gpio ret is 0
misc_init_r before change the yellow_gpio
gpio_request lable = yellow_gpio gpio = 38
misc_init_r after gpio_request the yellow_gpio ret is 38
misc_init_r after change the yellow_gpio ret is 0
misc_init_r before change the blue_gpio
gpio_request lable = blue_gpio gpio = 39
misc_init_r after gpio_request the blue_gpio ret is 39
misc_init_r after change the blue_gpio ret is 1
gpio_request lable = night_gpio gpio = 49
misc_init_r after gpio_request the night_gpio ret is 49
misc_init_r after change the night_gpio ret is 0
gpio_request lable = 850_light_gpio gpio = 47
misc_init_r after gpio_request the 850_light_gpio ret is 47
misc_init_r after change the 850_light_gpio ret is 0
gpio_request lable = SPK_able_gpio gpio = 63
misc_init_r after gpio_request the SPK_able_gpio ret is 63
misc_init_r after change the SPK_able_gpio ret is 0
gpio_request lable = TF_en_gpio gpio = 50
misc_init_r after gpio_request the TF_en_gpio ret is 50
misc_init_r after change the TF_en_gpio ret is 0
gpio_request lable = TF_cd_gpio gpio = 59
misc_init_r after gpio_request the TF_cd_gpio ret is 59
misc_init_r after change the TF_cd_gpio ret is 0
gpio_request lable = SD_able_gpio gpio = 48
misc_init_r after gpio_request the SD_able_gpio ret is 48
misc_init_r after change the SD_able_gpio ret is 0
misc_init_r before change the wifi_enable_gpio
gpio_request lable = wifi_enable_gpio gpio = 57
misc_init_r after gpio_request the wifi_enable_gpio ret is 57
misc_init_r after change the wifi_enable_gpio ret is 1
Hit any key to stop autoboot:  0 
Interface:  MMC
  Device 0: Vendor: Man 000027 Snr d89f0701 Rev: 13.10 Prod: SD16G0
            Type: Removable Hard Disk
            Capacity: 14804.0 MB = 14.4 GB (30318592 x 512)
Filesystem: FAT32 "NO NAME    "
file_fat_detectfs OK
reading factory_t31_ZMC6tiIDQN
reading factory_t31_ZMC6tiIDQN
## Booting kernel from Legacy Image at 84000000 ...
   Image Name:   Linux-3.10.14__isvp_swan_1.0__
   Image Type:   MIPS Linux Kernel Image (lzma compressed)
   Data Size:    2167812 Bytes = 2.1 MiB
   Load Address: 80010000
   Entry Point:  80403aa0
   Verifying Checksum ... OK
   Uncompressing Kernel Image ... OK

Starting kernel ...

[    0.000000] Initializing cgroup subsys cpu
[    0.000000] Initializing cgroup subsys cpuacct
[    0.000000] Linux version 3.10.14__isvp_swan_1.0__ (root@dd73ff141104) (gcc version 4.7.4 (Buildroot 2016.02) ) #10 PREEMPT Sat Jun 25 13:26:16 UTC 2022
[    0.000000] bootconsole [early0] enabled
[    0.000000] CPU0 RESET ERROR PC:801CE360
[    0.000000] [<801ce360>] __delay+0x0/0x10
[    0.000000] CPU0 revision is: 00d00100 (Ingenic Xburst)
[    0.000000] FPU revision is: 00b70000
[    0.000000] CCLK:1392MHz L2CLK:696Mhz H0CLK:200MHz H2CLK:200Mhz PCLK:100Mhz
[    0.000000] Determined physical RAM map:
[    0.000000]  memory: 00534000 @ 00010000 (usable)
[    0.000000]  memory: 0007c000 @ 00544000 (usable after init)
[    0.000000] User-defined physical RAM map:
[    0.000000]  memory: 06300000 @ 00000000 (usable)
[    0.000000] Initrd not found or empty - disabling initrd
[    0.000000] Zone ranges:
[    0.000000]   Normal   [mem 0x00000000-0x062fffff]
[    0.000000] Movable zone start for each node
[    0.000000] Early memory node ranges
[    0.000000]   node   0: [mem 0x00000000-0x062fffff]
[    0.000000] Primary instruction cache 32kB, 8-way, VIPT, linesize 32 bytes.
[    0.000000] Primary data cache 32kB, 8-way, VIPT, no aliases, linesize 32 bytes
[    0.000000] pls check processor_id[0x00d00100],sc_jz not support!
[    0.000000] MIPS secondary cache 128kB, 8-way, linesize 32 bytes.
[    0.000000] Built 1 zonelists in Zone order, mobility grouping off.  Total pages: 25146
[    0.000000] Kernel command line: console=ttyS1,115200n8 mem=99M@0x0 rmem=29M@0x6300000 rdinit=/init mtdparts=jz_sfc:256K(boot),1984K(kernel),3904K(rootfs),3904K(app),1984K(kback),3904K(aback),384K(cfg),64K(para)
[    0.000000] PID hash table entries: 512 (order: -1, 2048 bytes)
[    0.000000] Dentry cache hash table entries: 16384 (order: 4, 65536 bytes)
[    0.000000] Inode-cache hash table entries: 8192 (order: 3, 32768 bytes)
[    0.000000] Memory: 92892k/101376k available (4083k kernel code, 8484k reserved, 1243k data, 496k init, 0k highmem)
[    0.000000] SLUB: HWalign=32, Order=0-3, MinObjects=0, CPUs=1, Nodes=1
[    0.000000] Preemptible hierarchical RCU implementation.
[    0.000000] NR_IRQS:358
[    0.000000] clockevents_config_and_register success.
[    0.000015] Calibrating delay loop... 1391.00 BogoMIPS (lpj=6955008)
[    0.087830] pid_max: default: 32768 minimum: 301
[    0.092689] Mount-cache hash table entries: 512
[    0.097608] Initializing cgroup subsys debug
[    0.101864] Initializing cgroup subsys freezer
[    0.107301] devtmpfs: initialized
[    0.111465] regulator-dummy: no parameters
[    0.115708] NET: Registered protocol family 16
[    0.130638] bio: create slab <bio-0> at 0
[    0.136128] jz-dma jz-dma: JZ SoC DMA initialized
[    0.141047] usbcore: registered new interface driver usbfs
[    0.146617] usbcore: registered new interface driver hub
[    0.152018] usbcore: registered new device driver usb
[    0.157209]  (null): set:249  hold:250 dev=100000000 h=500 l=500
[    0.163286] media: Linux media interface: v0.10
[    0.167861] Linux video capture interface: v2.00
[    0.172675] Advanced Linux Sound Architecture Driver Initialized.
[    0.180003] Switching to clocksource jz_clocksource
[    0.185117] cfg80211: Calling CRDA to update world regulatory domain
[    0.192024] jz-dwc2 jz-dwc2: cgu clk gate get error
[    0.196932] DWC IN OTG MODE
[    0.200348] dwc2 dwc2: Keep PHY ON
[    0.203712] dwc2 dwc2: Using Buffer DMA mode
[    0.208061] dwc2 dwc2: Core Release: 3.00a
[    0.212222] dwc2 dwc2: DesignWare USB2.0 High-Speed Host Controller
[    0.218568] dwc2 dwc2: new USB bus registered, assigned bus number 1
[    0.225714] hub 1-0:1.0: USB hub found
[    0.229446] hub 1-0:1.0: 1 port detected
[    0.233486] dwc2 dwc2: DWC2 Host Initialized
[    0.237983] dwc2 dwc2: enter dwc2_gadget_plug_change:2589: plugin = 1 pullup_on = 0 suspend = 0
[    0.246929] NET: Registered protocol family 2
[    0.251660] TCP established hash table entries: 1024 (order: 1, 8192 bytes)
[    0.258729] TCP bind hash table entries: 1024 (order: 0, 4096 bytes)
[    0.265122] TCP: Hash tables configured (established 1024 bind 1024)
[    0.271582] TCP: reno registered
[    0.274810] UDP hash table entries: 256 (order: 0, 4096 bytes)
[    0.280754] UDP-Lite hash table entries: 256 (order: 0, 4096 bytes)
[    0.287274] NET: Registered protocol family 1
[    0.291852] RPC: Registered named UNIX socket transport module.
[    0.297833] RPC: Registered udp transport module.
[    0.302546] RPC: Registered tcp transport module.
[    0.307324] RPC: Registered tcp NFSv4.1 backchannel transport module.
[    0.313857] dwc2 dwc2: ID PIN CHANGED!
[    0.511768] freq_udelay_jiffys[0].max_num = 10
[    0.516269] cpufreq 	udelay 	loops_per_jiffy	
[    0.520608] 12000	 59956	 59956	
[    0.523875] 24000	 119913	 119913	
[    0.527338] 60000	 299784	 299784	
[    0.530762] 120000	 599569	 599569	
[    0.534294] 200000	 999282	 999282	
[    0.537905] 300000	 1498924	 1498924	
[    0.541534] 600000	 2997848	 2997848	
[    0.545252] 792000	 3957159	 3957159	
[    0.548950] 1008000	 5036385	 5036385	
[    0.552746] 1200000	 5995696	 5995696	
[    0.560128] squashfs: version 4.0 (2009/01/31) Phillip Lougher
[    0.566668] jffs2: version 2.2. © 2001-2006 Red Hat, Inc.
[    0.572401] msgmni has been set to 181
[    0.577127] io scheduler noop registered
[    0.581048] io scheduler cfq registered (default)
[    0.587626] jz-uart.1: ttyS1 at MMIO 0x10031000 (irq = 58) is a uart1
[    0.595229] console [ttyS1] enabled, bootconsole disabled
[    0.595229] console [ttyS1] enabled, bootconsole disabled
[    0.609445] brd: module loaded
[    0.614270] loop: module loaded
[    0.618138] zram: Created 2 device(s) ...
[    0.622369] logger: created 256K log 'log_main'
[    0.627540] jz TCU driver register completed
[    0.632241] the id code = 1c7018, the flash name is EN25QH128A
[    0.638311] JZ SFC Controller for SFC channel 0 driver register
[    0.644437] 8 cmdlinepart partitions found on MTD device jz_sfc
[    0.650568] Creating 8 MTD partitions on "jz_sfc":
[    0.655531] 0x000000000000-0x000000040000 : "boot"
[    0.660942] 0x000000040000-0x000000230000 : "kernel"
[    0.666548] 0x000000230000-0x000000600000 : "rootfs"
[    0.672092] 0x000000600000-0x0000009d0000 : "app"
[    0.677436] 0x0000009d0000-0x000000bc0000 : "kback"
[    0.682894] 0x000000bc0000-0x000000f90000 : "aback"
[    0.688443] 0x000000f90000-0x000000ff0000 : "cfg"
[    0.693748] 0x000000ff0000-0x000001000000 : "para"
[    0.699177] SPI NOR MTD LOAD OK
[    0.702458] tun: Universal TUN/TAP device driver, 1.6
[    0.707703] tun: (C) 1999-2004 Max Krasnyansky <maxk@qualcomm.com>
[    0.714239] usbcore: registered new interface driver cdc_acm
[    0.720112] cdc_acm: USB Abstract Control Model driver for USB modems and ISDN adapters
[    0.728705] wait stable.[289][cgu_msc0]
[    0.732675] jzmmc_v1.2 jzmmc_v1.2.0: vmmc regulator missing
[    0.738712] jzmmc_v1.2 jzmmc_v1.2.0: register success!
[    0.744060] jzmmc_v1.2 jzmmc_v1.2.1: vmmc regulator missing
[    0.749843] jzmmc_v1.2 jzmmc_v1.2.0: card inserted, state=0
[    0.755842] jzmmc_v1.2 jzmmc_v1.2.1: register success!
[    0.763267] TCP: cubic registered
[    0.767094] NET: Registered protocol family 10
[    0.772291] NET: Registered protocol family 17
[    0.777667] input: gpio-keys as /devices/platform/gpio-keys/input/input0
[    0.784785] drivers/rtc/hctosys.c: unable to open rtc device (rtc0)
[    0.791365] ALSA device list:
[    0.794431]   #0: Loopback 1
^@[    0.799347] Freeing unused kernel memory: 496K (80544000 - 805c0000)
+ echo welcome to initramfs
welcome to initramfs
+ mount -t devtmpfs devtmpfs /[    0.809995] gpio:jz->reg = 0xb0011000
dev
+ mount -t proc proc /proc
+ mount -t sysfs sysfs /sys
+ [    0.817616] gpio pin: 0x800
echo 43
[    0.826017] jz->dev_map[0]: 0x9806f3f
[    0.830563] CPU: 0 PID: 1 Comm: init Not tainted 3.10.14__isvp_swan_1.0__ #10
[    0.837983] Stack : 00000000 00000000 00000000 00000000 805d2daa 00000041 8402c1d8 804c4884
	  804b8cf4 80518b67 00000001 805c2d24 8402c1d8 804c4884 80426e5c 805a4000
	  00000020 8040581c 00000000 80038f1c 00000000 30001c01 804ba6b4 8402bdb4
	  00000000 00000000 00000000 00000000 00000000 00000000 00000000 00000000
	  00000000 00000000 00000000 00000000 00000000 00000000 00000000 8402bd40
	  ...
[    0.877827] Call Trace:
[    0.880367] [<80021100>] show_stack+0x48/0x70
[    0.884874] [<80018b18>] jz_gpio_request+0xb8/0x13c
[    0.889929] [<801e2d38>] gpiod_request+0x120/0x220
[    0.894900] [<801e3a20>] export_store+0x6c/0xd8
[    0.899591] [<8013718c>] sysfs_write_file+0x11c/0x1a0
[    0.904801] [<800d6664>] vfs_write+0xd4/0x1b4
[    0.909312] [<800d6aa8>] SyS_write+0x54/0x98
[    0.913714] [<80023d5c>] stack_done+0x20/0x44
[    0.918217] 
[    0.919745] arch/mips/xburst/soc-t31/common/gpio.c:gpio functions has redefinition+ echo in
+ mkdir /upper
+ mkdir /overlay
+ mkdir /rootfs
+ mkdir /sdcard
+ sleep 1
[    1.034907] mmc0: new high speed SDHC card at address 5048
[    1.040782] mmcblk0: mmc0:5048 SD16G 14.4 GiB 
[    1.046741]  mmcblk0: p1
+ mount -t tmpfs -o size=1 tmpfs /upper
+ mount -t tmpfs -o size=1 tmpfs /overlay
+ mount -t squashfs /dev/mtdblock2 /rootfs
+ mount -t vfat /dev/mmcblk0p1 /sdcard -o rw,umask=0000,dmask=0000
[    1.945198] FAT-fs (mmcblk0p1): Volume was not properly unmounted. Some data may be corrupt. Please run fsck.
+ mount -t overlayfs overlayfs -olowerdir=/rootfs,upperdir=/upper /overlay
mount: mounting overlayfs on /overlay failed: No such device
+ mkdir /overlay/rootfs
+ mkdir /overlay/overlay
+ mkdir /overlay/upper
+ mount --move /sdcard /overlay/opt
mount: mounting /sdcard on /overlay/opt failed: No such file or directory
+ mount --move /rootfs /overlay/rootfs
/init: line 55: syntax error: unexpected end of file (expecting "fi")

[    2.004950] Kernel panic - not syncing: Attempted to kill init! exitcode=0x00000200
[    2.004950] 
[    2.014570] Rebooting in 3 seconds..Restarting after 4 ms

U-Boot SPL 2013.07 (Dec 21 2020 - 18:19:28)
Timer init


CLK stop


PLL init


pll_init:366


pll_cfg.pdiv = 10, pll_cfg.h2div = 5, pll_cfg.h0div = 5, pll_cfg.cdiv = 1, pll_cfg.l2div = 2


nf=116 nr = 1 od0 = 1 od1 = 2


cppcr is 07405100


CPM_CPAPCR 0740510d


nf=100 nr = 1 od0 = 1 od1 = 2


cppcr is 06405100


CPM_CPMPCR 0640510d


nf=100 nr = 1 od0 = 1 od1 = 2


cppcr is 06405100


CPM_CPVPCR 0640510d


cppcr 0x9a7b5510


apll_freq 1392000000 


mpll_freq 1200000000 


vpll_freq = 1200000000


ddr sel mpll, cpu sel apll


ddrfreq 600000000


cclk  1392000000


l2clk 696000000


h0clk 240000000


h2clk 240000000


pclk  120000000


CLK init


SDRAM init


sdram init start


ddr_inno_phy_init ..!


phy reg = 0x00000007, CL = 0x00000007


ddr_inno_phy_init ..! 11:  00000004


ddr_inno_phy_init ..! 22:  00000006


ddr_inno_phy_init ..! 33:  00000006


REG_DDR_LMR: 00000210


REG_DDR_LMR: 00000310


REG_DDR_LMR: 00000110


REG_DDR_LMR, MR0: 00f73011


T31_0x5: 00000007


T31_0x15: 0000000c


T31_0x4: 00000000


T31_0x14: 00000002


INNO_TRAINING_CTRL 1: 00000000


INNO_TRAINING_CTRL 2: 000000a1


T31_cc: 00000003


INNO_TRAINING_CTRL 3: 000000a0


T31_118: 0000003c


T31_158: 0000003c


T31_190: 0000001f


T31_194: 0000001d


jz-04 :  0x00000051 


jz-08 :  0x000000a0 


jz-28 :  0x00000024 


DDR PHY init OK


INNO_DQ_WIDTH   :00000003


INNO_PLL_FBDIV  :00000014


INNO_PLL_PDIV   :00000005


INNO_MEM_CFG    :00000051


INNO_PLL_CTRL   :00000018


INNO_CHANNEL_EN :0000000d


INNO_CWL        :00000006


INNO_CL         :00000007


DDR Controller init


DDRC_STATUS         0x80000001


DDRC_CFG            0x0aa88a42


DDRC_CTRL           0x0000011c


DDRC_LMR            0x00400008


DDRC_DLP            0x00000000


DDRC_TIMING1        0x050f0a06


DDRC_TIMING2        0x021c0a07


DDRC_TIMING3        0x200a0722


DDRC_TIMING4        0x26240031


DDRC_TIMING5        0xff060405


DDRC_TIMING6        0x321c0505


DDRC_REFCNT         0x00910403


DDRC_MMAP0          0x000020f8


DDRC_MMAP1          0x00002800


DDRC_REMAP1         0x030e0d0c


DDRC_REMAP2         0x07060504


DDRC_REMAP3         0x0b0a0908


DDRC_REMAP4         0x0f020100


DDRC_REMAP5         0x13121110


DDRC_AUTOSR_EN      0x00000000


sdram init finished


SDRAM init ok


board_init_r


image entry point: 0x80100000




U-Boot 2013.07 (Dec 21 2020 - 18:19:28)

Board: ISVP (Ingenic XBurst T31 SoC)
DRAM:  128 MiB
Top of RAM usable for U-Boot at: 84000000
Reserving 436k for U-Boot at: 83f90000
Reserving 32772k for malloc() at: 81f8f000
Reserving 32 Bytes for Board Info at: 81f8efe0
Reserving 124 Bytes for Global Data at: 81f8ef64
Reserving 128k for boot params() at: 81f6ef64
Stack Pointer at: 81f6ef48
Now running in RAM - U-Boot at: 83f90000
MMC:   msc: 0
the manufacturer 1c
SF: Detected EN25QH128A

*** Warning - bad CRC, using default environment

In:    serial
Out:   serial
Err:   serial
misc_init_r before change the wifi_enable_gpio
gpio_request lable = wifi_enable_gpio gpio = 57
misc_init_r after gpio_request the wifi_enable_gpio ret is 57
misc_init_r after change the wifi_enable_gpio ret is 0
misc_init_r before change the yellow_gpio
gpio_request lable = yellow_gpio gpio = 38
misc_init_r after gpio_request the yellow_gpio ret is 38
misc_init_r after change the yellow_gpio ret is 0
misc_init_r before change the blue_gpio
gpio_request lable = blue_gpio gpio = 39
misc_init_r after gpio_request the blue_gpio ret is 39
misc_init_r after change the blue_gpio ret is 1
gpio_request lable = night_gpio gpio = 49
misc_init_r after gpio_request the night_gpio ret is 49
misc_init_r after change the night_gpio ret is 0
gpio_request lable = 850_light_gpio gpio = 47
misc_init_r after gpio_request the 850_light_gpio ret is 47
misc_init_r after change the 850_light_gpio ret is 0
gpio_request lable = SPK_able_gpio gpio = 63
misc_init_r after gpio_request the SPK_able_gpio ret is 63
misc_init_r after change the SPK_able_gpio ret is 0
gpio_request lable = TF_en_gpio gpio = 50
misc_init_r after gpio_request the TF_en_gpio ret is 50
misc_init_r after change the TF_en_gpio ret is 0
gpio_request lable = TF_cd_gpio gpio = 59
misc_init_r after gpio_request the TF_cd_gpio ret is 59
misc_init_r after change the TF_cd_gpio ret is 0
gpio_request lable = SD_able_gpio gpio = 48
misc_init_r after gpio_request the SD_able_gpio ret is 48
misc_init_r after change the SD_able_gpio ret is 0
misc_init_r before change the wifi_enable_gpio
gpio_request lable = wifi_enable_gpio gpio = 57
misc_init_r after gpio_request the wifi_enable_gpio ret is 57
misc_init_r after change the wifi_enable_gpio ret is 1
Hit any key to stop autoboot:  0 
Interface:  MMC
  Device 0: Vendor: Man 000027 Snr d89f0701 Rev: 13.10 Prod: SD16G0
            Type: Removable Hard Disk
            Capacity: 14804.0 MB = 14.4 GB (30318592 x 512)
Filesystem: FAT32 "NO NAME    "
file_fat_detectfs OK
reading factory_t31_ZMC6tiIDQN
reading factory_t31_ZMC6tiIDQN
## Booting kernel from Legacy Image at 84000000 ...
   Image Name:   Linux-3.10.14__isvp_swan_1.0__
   Image Type:   MIPS Linux Kernel Image (lzma compressed)
   Data Size:    2167812 Bytes = 2.1 MiB
   Load Address: 80010000
   Entry Point:  80403aa0
   Verifying Checksum ... OK
   Uncompressing Kernel Image ... OK

Starting kernel ...

[    0.000000] Initializing cgroup subsys cpu
[    0.000000] Initializing cgroup subsys cpuacct
[    0.000000] Linux version 3.10.14__isvp_swan_1.0__ (root@dd73ff141104) (gcc version 4.7.4 (Buildroot 2016.02) ) #10 PREEMPT Sat Jun 25 13:26:16 UTC 2022
[    0.000000] bootconsole [early0] enabled
[    0.000000] CPU0 RESET ERROR PC:801CE360
[    0.000000] [<801ce360>] __delay+0x0/0x10
[    0.000000] CPU0 revision is: 00d00100 (Ingenic Xburst)
[    0.000000] FPU revision is: 00b70000
[    0.000000] CCLK:1392MHz L2CLK:696Mhz H0CLK:200MHz H2CLK:200Mhz PCLK:100Mhz
[    0.000000] Determined physical RAM map:
[    0.000000]  memory: 00534000 @ 00010000 (usable)
[    0.000000]  memory: 0007c000 @ 00544000 (usable after init)
[    0.000000] User-defined physical RAM map:
[    0.000000]  memory: 06300000 @ 00000000 (usable)
[    0.000000] Initrd not found or empty - disabling initrd
[    0.000000] Zone ranges:
[    0.000000]   Normal   [mem 0x00000000-0x062fffff]
[    0.000000] Movable zone start for each node
[    0.000000] Early memory node ranges
[    0.000000]   node   0: [mem 0x00000000-0x062fffff]
[    0.000000] Primary instruction cache 32kB, 8-way, VIPT, linesize 32 bytes.
[    0.000000] Primary data cache 32kB, 8-way, VIPT, no aliases, linesize 32 bytes
[    0.000000] pls check processor_id[0x00d00100],sc_jz not support!
[    0.000000] MIPS secondary cache 128kB, 8-way, linesize 32 bytes.
[    0.000000] Built 1 zonelists in Zone order, mobility grouping off.  Total pages: 25146
[    0.000000] Kernel command line: console=ttyS1,115200n8 mem=99M@0x0 rmem=29M@0x6300000 rdinit=/init mtdparts=jz_sfc:256K(boot),1984K(kernel),3904K(rootfs),3904K(app),1984K(kback),3904K(aback),384K(cfg),64K(para)
[    0.000000] PID hash table entries: 512 (order: -1, 2048 bytes)
[    0.000000] Dentry cache hash table entries: 16384 (order: 4, 65536 bytes)
[    0.000000] Inode-cache hash table entries: 8192 (order: 3, 32768 bytes)
[    0.000000] Memory: 92892k/101376k available (4083k kernel code, 8484k reserved, 1243k data, 496k init, 0k highmem)
[    0.000000] SLUB: HWalign=32, Order=0-3, MinObjects=0, CPUs=1, Nodes=1
[    0.000000] Preemptible hierarchical RCU implementation.
[    0.000000] NR_IRQS:358
[    0.000000] clockevents_config_and_register success.
[    0.000015] Calibrating delay loop... 1391.00 BogoMIPS (lpj=6955008)
[    0.087830] pid_max: default: 32768 minimum: 301
[    0.092689] Mount-cache hash table entries: 512
[    0.097607] Initializing cgroup subsys debug
[    0.101863] Initializing cgroup subsys freezer
[    0.107303] devtmpfs: initialized
[    0.111467] regulator-dummy: no parameters
[    0.115710] NET: Registered protocol family 16
[    0.130640] bio: create slab <bio-0> at 0
[    0.136131] jz-dma jz-dma: JZ SoC DMA initialized
[    0.141050] usbcore: registered new interface driver usbfs
[    0.146620] usbcore: registered new interface driver hub
[    0.152022] usbcore: registered new device driver usb
[    0.157212]  (null): set:249  hold:250 dev=100000000 h=500 l=500
[    0.163289] media: Linux media interface: v0.10
[    0.167863] Linux video capture interface: v2.00
[    0.172678] Advanced Linux Sound Architecture Driver Initialized.
[    0.180004] Switching to clocksource jz_clocksource
[    0.185118] cfg80211: Calling CRDA to update world regulatory domain
[    0.192024] jz-dwc2 jz-dwc2: cgu clk gate get error
[    0.196932] DWC IN OTG MODE
[    0.200348] dwc2 dwc2: Keep PHY ON
[    0.203711] dwc2 dwc2: Using Buffer DMA mode
[    0.208060] dwc2 dwc2: Core Release: 3.00a
[    0.212220] dwc2 dwc2: DesignWare USB2.0 High-Speed Host Controller
[    0.218568] dwc2 dwc2: new USB bus registered, assigned bus number 1
[    0.225712] hub 1-0:1.0: USB hub found
[    0.229443] hub 1-0:1.0: 1 port detected
[    0.233484] dwc2 dwc2: DWC2 Host Initialized
[    0.237979] dwc2 dwc2: enter dwc2_gadget_plug_change:2589: plugin = 1 pullup_on = 0 suspend = 0
[    0.246926] NET: Registered protocol family 2
[    0.251656] TCP established hash table entries: 1024 (order: 1, 8192 bytes)
[    0.258725] TCP bind hash table entries: 1024 (order: 0, 4096 bytes)
[    0.265118] TCP: Hash tables configured (established 1024 bind 1024)
[    0.271578] TCP: reno registered
[    0.274806] UDP hash table entries: 256 (order: 0, 4096 bytes)
[    0.280750] UDP-Lite hash table entries: 256 (order: 0, 4096 bytes)
[    0.287270] NET: Registered protocol family 1
[    0.291848] RPC: Registered named UNIX socket transport module.
[    0.297829] RPC: Registered udp transport module.
[    0.302543] RPC: Registered tcp transport module.
[    0.307320] RPC: Registered tcp NFSv4.1 backchannel transport module.
[    0.313853] dwc2 dwc2: ID PIN CHANGED!
[    0.511769] freq_udelay_jiffys[0].max_num = 10
[    0.516270] cpufreq 	udelay 	loops_per_jiffy	
[    0.520610] 12000	 59956	 59956	
[    0.523877] 24000	 119913	 119913	
[    0.527340] 60000	 299784	 299784	
[    0.530764] 120000	 599569	 599569	
[    0.534295] 200000	 999282	 999282	
[    0.537907] 300000	 1498924	 1498924	
[    0.541535] 600000	 2997848	 2997848	
[    0.545254] 792000	 3957159	 3957159	
[    0.548952] 1008000	 5036385	 5036385	
[    0.552748] 1200000	 5995696	 5995696	
[    0.560132] squashfs: version 4.0 (2009/01/31) Phillip Lougher
[    0.566674] jffs2: version 2.2. © 2001-2006 Red Hat, Inc.
[    0.572406] msgmni has been set to 181
[    0.577134] io scheduler noop registered
[    0.581055] io scheduler cfq registered (default)
[    0.587632] jz-uart.1: ttyS1 at MMIO 0x10031000 (irq = 58) is a uart1
[    0.595235] console [ttyS1] enabled, bootconsole disabled
[    0.595235] console [ttyS1] enabled, bootconsole disabled
[    0.609452] brd: module loaded
[    0.614286] loop: module loaded
[    0.618148] zram: Created 2 device(s) ...
[    0.622374] logger: created 256K log 'log_main'
[    0.627539] jz TCU driver register completed
[    0.632243] the id code = 1c7018, the flash name is EN25QH128A
[    0.638316] JZ SFC Controller for SFC channel 0 driver register
[    0.644436] 8 cmdlinepart partitions found on MTD device jz_sfc
[    0.650573] Creating 8 MTD partitions on "jz_sfc":
[    0.655532] 0x000000000000-0x000000040000 : "boot"
[    0.660953] 0x000000040000-0x000000230000 : "kernel"
[    0.666560] 0x000000230000-0x000000600000 : "rootfs"
[    0.672096] 0x000000600000-0x0000009d0000 : "app"
[    0.677440] 0x0000009d0000-0x000000bc0000 : "kback"
[    0.682906] 0x000000bc0000-0x000000f90000 : "aback"
[    0.688445] 0x000000f90000-0x000000ff0000 : "cfg"
[    0.693748] 0x000000ff0000-0x000001000000 : "para"
[    0.699177] SPI NOR MTD LOAD OK
[    0.702461] tun: Universal TUN/TAP device driver, 1.6
[    0.707701] tun: (C) 1999-2004 Max Krasnyansky <maxk@qualcomm.com>
[    0.714234] usbcore: registered new interface driver cdc_acm
